> Task :compileJava UP-TO-DATE
> Task :processResources UP-TO-DATE
> Task :classes UP-TO-DATE
> Task :resolveMainClassName

> Task :bootRun

  .   ____          _            __ _ _
 /\\ / ___'_ __ _ _(_)_ __  __ _ \ \ \ \
( ( )\___ | '_ | '_| | '_ \/ _` | \ \ \ \
 \\/  ___)| |_)| | | | | || (_| |  ) ) ) )
  '  |____| .__|_| |_|_| |_\__, | / / / /
 =========|_|==============|___/=/_/_/_/

 :: Spring Boot ::                (v4.0.6)

2026-05-13T23:38:32.837+09:00  INFO 22024 --- [           main] com.chatbot.backend.BackendApplication   : Starting BackendApplication using Java 17.0.8.1 with PID 22024 (C:\Users\mikm7\chatbot\backend\build\classes\java\main started by mikm7 in C:\Users\mikm7\chatbot\backend)
2026-05-13T23:38:32.843+09:00  INFO 22024 --- [           main] com.chatbot.backend.BackendApplication   : No active profile set, falling back to 1 default profile: "default"
2026-05-13T23:38:33.619+09:00  INFO 22024 --- [           main] .s.d.r.c.RepositoryConfigurationDelegate : Bootstrapping Spring Data JPA repositories in DEFAULT mode.
2026-05-13T23:38:33.741+09:00  INFO 22024 --- [           main] .s.d.r.c.RepositoryConfigurationDelegate : Finished Spring Data repository scanning in 102 ms. Found 1 JPA repository interface.
2026-05-13T23:38:34.626+09:00  INFO 22024 --- [           main] o.s.boot.tomcat.TomcatWebServer          : Tomcat initialized with port 3001 (http)
2026-05-13T23:38:34.646+09:00  INFO 22024 --- [           main] o.apache.catalina.core.StandardService   : Starting service [Tomcat]
2026-05-13T23:38:34.646+09:00  INFO 22024 --- [           main] o.apache.catalina.core.StandardEngine    : Starting Servlet engine: [Apache Tomcat/11.0.21]
2026-05-13T23:38:34.742+09:00  INFO 22024 --- [           main] b.w.c.s.WebApplicationContextInitializer : Root WebApplicationContext: initialization completed in 1839 ms
2026-05-13T23:38:35.025+09:00  INFO 22024 --- [           main] com.zaxxer.hikari.HikariDataSource       : HikariPool-1 - Starting...
2026-05-13T23:38:35.260+09:00  INFO 22024 --- [           main] com.zaxxer.hikari.pool.HikariPool        : HikariPool-1 - Added connection conn0: url=jdbc:h2:mem:chatbot user=SA
2026-05-13T23:38:35.263+09:00  INFO 22024 --- [           main] com.zaxxer.hikari.HikariDataSource       : HikariPool-1 - Start completed.
2026-05-13T23:38:35.303+09:00  INFO 22024 --- [           main] org.hibernate.orm.jpa                    : HHH008540: Processing PersistenceUnitInfo [name: default]
2026-05-13T23:38:35.405+09:00  INFO 22024 --- [           main] org.hibernate.orm.core                   : HHH000001: Hibernate ORM core version 7.2.12.Final
2026-05-13T23:38:36.213+09:00  INFO 22024 --- [           main] o.s.o.j.p.SpringPersistenceUnitInfo      : No LoadTimeWeaver setup: ignoring JPA class transformer
2026-05-13T23:38:36.288+09:00  WARN 22024 --- [           main] org.hibernate.orm.deprecation            : HHH90000025: H2Dialect does not need to be specified explicitly using 'hibernate.dialect' (remove the property setting and it will be selected by default)
2026-05-13T23:38:36.316+09:00  INFO 22024 --- [           main] org.hibernate.orm.connections.pooling    : HHH10001005: Database info:
	Database JDBC URL [jdbc:h2:mem:chatbot]
	Database driver: H2 JDBC Driver
	Database dialect: H2Dialect
	Database version: 2.4.240
	Default catalog/schema: CHATBOT/PUBLIC
	Autocommit mode: undefined/unknown
	Isolation level: READ_COMMITTED [default READ_COMMITTED]
	JDBC fetch size: 100
	Pool: DataSourceConnectionProvider
	Minimum pool size: undefined/unknown
	Maximum pool size: undefined/unknown
2026-05-13T23:38:37.511+09:00  INFO 22024 --- [           main] org.hibernate.orm.core                   : HHH000489: No JTA platform available (set 'hibernate.transaction.jta.platform' to enable JTA platform integration)
2026-05-13T23:38:37.565+09:00  INFO 22024 --- [           main] j.LocalContainerEntityManagerFactoryBean : Initialized JPA EntityManagerFactory for persistence unit 'default'
2026-05-13T23:38:38.267+09:00  INFO 22024 --- [           main] o.s.d.j.r.query.QueryEnhancerFactories   : Hibernate is in classpath; If applicable, HQL parser will be used.
2026-05-13T23:38:38.839+09:00  WARN 22024 --- [           main] JpaBaseConfiguration$JpaWebConfiguration : spring.jpa.open-in-view is enabled by default. Therefore, database queries may be performed during view rendering. Explicitly configure spring.jpa.open-in-view to disable this warning
2026-05-13T23:38:39.307+09:00  INFO 22024 --- [           main] o.s.b.h.a.H2ConsoleAutoConfiguration     : H2 console available at '/h2-console'. Database available at 'jdbc:h2:mem:chatbot'
2026-05-13T23:38:39.401+09:00  INFO 22024 --- [           main] o.s.boot.tomcat.TomcatWebServer          : Tomcat started on port 3001 (http) with context path '/'
2026-05-13T23:38:39.407+09:00  INFO 22024 --- [           main] com.chatbot.backend.BackendApplication   : Started BackendApplication in 7.17 seconds (process running for 7.938)
2026-05-13T23:39:16.563+09:00  INFO 22024 --- [nio-3001-exec-1] o.a.c.c.C.[Tomcat].[localhost].[/]       : Initializing Spring DispatcherServlet 'dispatcherServlet'
2026-05-13T23:39:16.563+09:00  INFO 22024 --- [nio-3001-exec-1] o.s.web.servlet.DispatcherServlet        : Initializing Servlet 'dispatcherServlet'
2026-05-13T23:39:16.564+09:00  INFO 22024 --- [nio-3001-exec-1] o.s.web.servlet.DispatcherServlet        : Completed initialization in 1 ms
2026-05-13T23:39:16.650+09:00  INFO 22024 --- [nio-3001-exec-1] c.c.backend.filter.RequestLoggingFilter  : GET /api/health 200 81ms
2026-05-13T23:39:16.747+09:00  INFO 22024 --- [nio-3001-exec-2] c.c.backend.filter.RequestLoggingFilter  : GET /h2-console 302 0ms
